// Jest Snapshot v1, https://goo.gl/fbAQLP

exports[`QuizScore renders correctly 1`] = `
<View>
  <Text
    accessible={true}
    allowFontScaling={true}
    ellipsizeMode="tail"
    style={
      Array [
        Object {
          "fontSize": 20,
          "paddingHorizontal": 15,
          "paddingVertical": 15,
          "textAlign": "center",
        },
        undefined,
      ]
    }
  >
    You got 
    1
     right and 
    1
     wrong from a total of 
    2
     questions.
  </Text>
  <View
    accessibilityComponentType={undefined}
    accessibilityLabel={undefined}
    accessibilityTraits={undefined}
    accessible={true}
    collapsable={undefined}
    hitSlop={undefined}
    isTVSelectable={true}
    nativeID={undefined}
    onLayout={undefined}
    onResponderGrant={[Function]}
    onResponderMove={[Function]}
    onResponderRelease={[Function]}
    onResponderTerminate={[Function]}
    onResponderTerminationRequest={[Function]}
    onStartShouldSetResponder={[Function]}
    style={
      Object {
        "opacity": 1,
      }
    }
    testID={undefined}
    tvParallaxProperties={undefined}
  >
    <Text
      accessible={true}
      allowFontScaling={true}
      ellipsizeMode="tail"
      style={
        Array [
          Object {
            "backgroundColor": "#FF2D40",
            "color": "#ffffff",
            "fontSize": 22,
            "marginLeft": 40,
            "marginRight": 40,
            "marginVertical": 10,
            "paddingBottom": 10,
            "paddingTop": 10,
            "textAlign": "center",
          },
          undefined,
        ]
      }
    >
      Reset Quiz?
    </Text>
  </View>
</View>
`;
