// Jest Snapshot v1, https://goo.gl/fbAQLP

exports[`PrimaryButton renders correctly 1`] = `
<View
  accessibilityComponentType={undefined}
  accessibilityLabel={undefined}
  accessibilityTraits={undefined}
  accessible={true}
  collapsable={undefined}
  hitSlop={undefined}
  isTVSelectable={true}
  nativeID={undefined}
  onLayout={undefined}
  onResponderGrant={[Function]}
  onResponderMove={[Function]}
  onResponderRelease={[Function]}
  onResponderTerminate={[Function]}
  onResponderTerminationRequest={[Function]}
  onStartShouldSetResponder={[Function]}
  style={
    Object {
      "opacity": 1,
    }
  }
  testID={undefined}
  tvParallaxProperties={undefined}
>
  <Text
    accessible={true}
    allowFontScaling={true}
    ellipsizeMode="tail"
    style={
      Array [
        Object {
          "backgroundColor": "#05AE54",
          "color": "#ffffff",
          "fontSize": 22,
          "height": 45,
          "marginLeft": 40,
          "marginRight": 40,
          "marginVertical": 10,
          "paddingBottom": 10,
          "paddingTop": 10,
          "textAlign": "center",
        },
        undefined,
      ]
    }
  >
    Submit
  </Text>
</View>
`;
